MPLINK 4.49, Linker
Linker Map File - Created Thu Jan 05 11:14:17 2017

                                 Section Info
                  Section       Type    Address   Location Size(Bytes)
                ---------  ---------  ---------  ---------  ---------
                   .org_0       code   0x000000    program   0x000000
                   .org_2       code   0x000000    program   0x000004
                   .org_3       code   0x000008    program   0x000004
                   .org_4       code   0x000018    program   0x000462
                   .org_5       code   0x000800    program   0x0000e0
.config_300000_18F13K50.O    romdata   0x300000    program   0x000001
.config_300001_18F13K50.O    romdata   0x300001    program   0x000001
.config_300002_18F13K50.O    romdata   0x300002    program   0x000001
.config_300003_18F13K50.O    romdata   0x300003    program   0x000001
.config_300005_18F13K50.O    romdata   0x300005    program   0x000001
.config_300006_18F13K50.O    romdata   0x300006    program   0x000001
.config_300008_18F13K50.O    romdata   0x300008    program   0x000001
.config_300009_18F13K50.O    romdata   0x300009    program   0x000001
.config_30000A_18F13K50.O    romdata   0x30000a    program   0x000001
.config_30000B_18F13K50.O    romdata   0x30000b    program   0x000001
.config_30000C_18F13K50.O    romdata   0x30000c    program   0x000001
.config_30000D_18F13K50.O    romdata   0x30000d    program   0x000001
                   .org_1       code   0xf00000    program   0x000006



                              Program Memory Usage 
                               Start         End      
                           ---------   ---------      
                            0x000000    0x000003      
                            0x000008    0x00000b      
                            0x000018    0x000479      
                            0x000800    0x0008df      
                            0x300000    0x300003      
                            0x300005    0x300006      
                            0x300008    0x30000d      
                            0xf00000    0xf00005      
            1372 out of 8472 program addresses used, program memory utilization is 16%



                              Symbols - Sorted by Name
                     Name    Address   Location    Storage File                     
                ---------  ---------  ---------  --------- ---------                
               CANT_WRITE   0x00037a    program     static C:\PIC_projects\ASM\Mood_Lamp_V2\18F13K50.ASM
           CANT_WRITE_PWM   0x000396    program     static C:\PIC_projects\ASM\Mood_Lamp_V2\18F13K50.ASM
            CUBIC_HERMITE   0x000246    program     static C:\PIC_projects\ASM\Mood_Lamp_V2\18F13K50.ASM
                   DATAEE   0xf00000    program     static C:\PIC_projects\ASM\Mood_Lamp_V2\18F13K50.ASM
                  EE_READ   0x000428    program     static C:\PIC_projects\ASM\Mood_Lamp_V2\18F13K50.ASM
                  END_INT   0x00003a    program     static C:\PIC_projects\ASM\Mood_Lamp_V2\18F13K50.ASM
              FILL_BUFFER   0x000234    program     static C:\PIC_projects\ASM\Mood_Lamp_V2\18F13K50.ASM
            FINISH_READ_B   0x000422    program     static C:\PIC_projects\ASM\Mood_Lamp_V2\18F13K50.ASM
            FINISH_READ_G   0x0003fe    program     static C:\PIC_projects\ASM\Mood_Lamp_V2\18F13K50.ASM
          FINISH_READ_PWM   0x0003b6    program     static C:\PIC_projects\ASM\Mood_Lamp_V2\18F13K50.ASM
            FINISH_READ_R   0x0003da    program     static C:\PIC_projects\ASM\Mood_Lamp_V2\18F13K50.ASM
                 GEN_LOOP   0x000238    program     static C:\PIC_projects\ASM\Mood_Lamp_V2\18F13K50.ASM
               GEN_RANDOM   0x000442    program     static C:\PIC_projects\ASM\Mood_Lamp_V2\18F13K50.ASM
                 GET_COEF   0x000310    program     static C:\PIC_projects\ASM\Mood_Lamp_V2\18F13K50.ASM
                     ISRH   0x000008    program     static C:\PIC_projects\ASM\Mood_Lamp_V2\18F13K50.ASM
                     ISRL   0x000018    program     static C:\PIC_projects\ASM\Mood_Lamp_V2\18F13K50.ASM
                 ITTERATE   0x000268    program     static C:\PIC_projects\ASM\Mood_Lamp_V2\18F13K50.ASM
                  LOW_ISR   0x00001c    program     static C:\PIC_projects\ASM\Mood_Lamp_V2\18F13K50.ASM
                     MAIN   0x000094    program     static C:\PIC_projects\ASM\Mood_Lamp_V2\18F13K50.ASM
            READ_BUFFER_B   0x000404    program     static C:\PIC_projects\ASM\Mood_Lamp_V2\18F13K50.ASM
            READ_BUFFER_G   0x0003e0    program     static C:\PIC_projects\ASM\Mood_Lamp_V2\18F13K50.ASM
          READ_BUFFER_PWM   0x000398    program     static C:\PIC_projects\ASM\Mood_Lamp_V2\18F13K50.ASM
            READ_BUFFER_R   0x0003bc    program     static C:\PIC_projects\ASM\Mood_Lamp_V2\18F13K50.ASM
             READ_B_ERROR   0x000426    program     static C:\PIC_projects\ASM\Mood_Lamp_V2\18F13K50.ASM
             READ_G_ERROR   0x000402    program     static C:\PIC_projects\ASM\Mood_Lamp_V2\18F13K50.ASM
           READ_PWM_ERROR   0x0003ba    program     static C:\PIC_projects\ASM\Mood_Lamp_V2\18F13K50.ASM
             READ_R_ERROR   0x0003de    program     static C:\PIC_projects\ASM\Mood_Lamp_V2\18F13K50.ASM
                 RES_VECT   0x000000    program     static C:\PIC_projects\ASM\Mood_Lamp_V2\18F13K50.ASM
                    START   0x000046    program     static C:\PIC_projects\ASM\Mood_Lamp_V2\18F13K50.ASM
                TIME_DOWN   0x0001a6    program     static C:\PIC_projects\ASM\Mood_Lamp_V2\18F13K50.ASM
                  TIME_UP   0x00021e    program     static C:\PIC_projects\ASM\Mood_Lamp_V2\18F13K50.ASM
             WRITE_BUFFER   0x000260    program     static C:\PIC_projects\ASM\Mood_Lamp_V2\18F13K50.ASM
         WRITE_PWM_BUFFER   0x00037c    program     static C:\PIC_projects\ASM\Mood_Lamp_V2\18F13K50.ASM
        WRITE_RING_BUFFER   0x000360    program     static C:\PIC_projects\ASM\Mood_Lamp_V2\18F13K50.ASM
              _16X4_TABLE   0x00047a    program     static C:\PIC_projects\ASM\Mood_Lamp_V2\18F13K50.ASM
              _48BIT_LFSR   0x000460    program     static C:\PIC_projects\ASM\Mood_Lamp_V2\18F13K50.ASM
         _8X4_16BIT_TABLE   0x000880    program     static C:\PIC_projects\ASM\Mood_Lamp_V2\18F13K50.ASM
          _8X4_8BIT_TABLE   0x0008c0    program     static C:\PIC_projects\ASM\Mood_Lamp_V2\18F13K50.ASM
                  _FILL_B   0x00011c    program     static C:\PIC_projects\ASM\Mood_Lamp_V2\18F13K50.ASM
                  _FILL_G   0x0000d8    program     static C:\PIC_projects\ASM\Mood_Lamp_V2\18F13K50.ASM
                _FILL_PWM   0x000184    program     static C:\PIC_projects\ASM\Mood_Lamp_V2\18F13K50.ASM
             _LOAD_TIMERS   0x000160    program     static C:\PIC_projects\ASM\Mood_Lamp_V2\18F13K50.ASM
               _TABLE_END   0x0008e0    program     static C:\PIC_projects\ASM\Mood_Lamp_V2\18F13K50.ASM



                              Symbols - Sorted by Address
                     Name    Address   Location    Storage File                     
                ---------  ---------  ---------  --------- ---------                
                 RES_VECT   0x000000    program     static C:\PIC_projects\ASM\Mood_Lamp_V2\18F13K50.ASM
                     ISRH   0x000008    program     static C:\PIC_projects\ASM\Mood_Lamp_V2\18F13K50.ASM
                     ISRL   0x000018    program     static C:\PIC_projects\ASM\Mood_Lamp_V2\18F13K50.ASM
                  LOW_ISR   0x00001c    program     static C:\PIC_projects\ASM\Mood_Lamp_V2\18F13K50.ASM
                  END_INT   0x00003a    program     static C:\PIC_projects\ASM\Mood_Lamp_V2\18F13K50.ASM
                    START   0x000046    program     static C:\PIC_projects\ASM\Mood_Lamp_V2\18F13K50.ASM
                     MAIN   0x000094    program     static C:\PIC_projects\ASM\Mood_Lamp_V2\18F13K50.ASM
                  _FILL_G   0x0000d8    program     static C:\PIC_projects\ASM\Mood_Lamp_V2\18F13K50.ASM
                  _FILL_B   0x00011c    program     static C:\PIC_projects\ASM\Mood_Lamp_V2\18F13K50.ASM
             _LOAD_TIMERS   0x000160    program     static C:\PIC_projects\ASM\Mood_Lamp_V2\18F13K50.ASM
                _FILL_PWM   0x000184    program     static C:\PIC_projects\ASM\Mood_Lamp_V2\18F13K50.ASM
                TIME_DOWN   0x0001a6    program     static C:\PIC_projects\ASM\Mood_Lamp_V2\18F13K50.ASM
                  TIME_UP   0x00021e    program     static C:\PIC_projects\ASM\Mood_Lamp_V2\18F13K50.ASM
              FILL_BUFFER   0x000234    program     static C:\PIC_projects\ASM\Mood_Lamp_V2\18F13K50.ASM
                 GEN_LOOP   0x000238    program     static C:\PIC_projects\ASM\Mood_Lamp_V2\18F13K50.ASM
            CUBIC_HERMITE   0x000246    program     static C:\PIC_projects\ASM\Mood_Lamp_V2\18F13K50.ASM
             WRITE_BUFFER   0x000260    program     static C:\PIC_projects\ASM\Mood_Lamp_V2\18F13K50.ASM
                 ITTERATE   0x000268    program     static C:\PIC_projects\ASM\Mood_Lamp_V2\18F13K50.ASM
                 GET_COEF   0x000310    program     static C:\PIC_projects\ASM\Mood_Lamp_V2\18F13K50.ASM
        WRITE_RING_BUFFER   0x000360    program     static C:\PIC_projects\ASM\Mood_Lamp_V2\18F13K50.ASM
               CANT_WRITE   0x00037a    program     static C:\PIC_projects\ASM\Mood_Lamp_V2\18F13K50.ASM
         WRITE_PWM_BUFFER   0x00037c    program     static C:\PIC_projects\ASM\Mood_Lamp_V2\18F13K50.ASM
           CANT_WRITE_PWM   0x000396    program     static C:\PIC_projects\ASM\Mood_Lamp_V2\18F13K50.ASM
          READ_BUFFER_PWM   0x000398    program     static C:\PIC_projects\ASM\Mood_Lamp_V2\18F13K50.ASM
          FINISH_READ_PWM   0x0003b6    program     static C:\PIC_projects\ASM\Mood_Lamp_V2\18F13K50.ASM
           READ_PWM_ERROR   0x0003ba    program     static C:\PIC_projects\ASM\Mood_Lamp_V2\18F13K50.ASM
            READ_BUFFER_R   0x0003bc    program     static C:\PIC_projects\ASM\Mood_Lamp_V2\18F13K50.ASM
            FINISH_READ_R   0x0003da    program     static C:\PIC_projects\ASM\Mood_Lamp_V2\18F13K50.ASM
             READ_R_ERROR   0x0003de    program     static C:\PIC_projects\ASM\Mood_Lamp_V2\18F13K50.ASM
            READ_BUFFER_G   0x0003e0    program     static C:\PIC_projects\ASM\Mood_Lamp_V2\18F13K50.ASM
            FINISH_READ_G   0x0003fe    program     static C:\PIC_projects\ASM\Mood_Lamp_V2\18F13K50.ASM
             READ_G_ERROR   0x000402    program     static C:\PIC_projects\ASM\Mood_Lamp_V2\18F13K50.ASM
            READ_BUFFER_B   0x000404    program     static C:\PIC_projects\ASM\Mood_Lamp_V2\18F13K50.ASM
            FINISH_READ_B   0x000422    program     static C:\PIC_projects\ASM\Mood_Lamp_V2\18F13K50.ASM
             READ_B_ERROR   0x000426    program     static C:\PIC_projects\ASM\Mood_Lamp_V2\18F13K50.ASM
                  EE_READ   0x000428    program     static C:\PIC_projects\ASM\Mood_Lamp_V2\18F13K50.ASM
               GEN_RANDOM   0x000442    program     static C:\PIC_projects\ASM\Mood_Lamp_V2\18F13K50.ASM
              _48BIT_LFSR   0x000460    program     static C:\PIC_projects\ASM\Mood_Lamp_V2\18F13K50.ASM
              _16X4_TABLE   0x00047a    program     static C:\PIC_projects\ASM\Mood_Lamp_V2\18F13K50.ASM
         _8X4_16BIT_TABLE   0x000880    program     static C:\PIC_projects\ASM\Mood_Lamp_V2\18F13K50.ASM
          _8X4_8BIT_TABLE   0x0008c0    program     static C:\PIC_projects\ASM\Mood_Lamp_V2\18F13K50.ASM
               _TABLE_END   0x0008e0    program     static C:\PIC_projects\ASM\Mood_Lamp_V2\18F13K50.ASM
                   DATAEE   0xf00000    program     static C:\PIC_projects\ASM\Mood_Lamp_V2\18F13K50.ASM


